2025-08-12 20:03:36,798 - root INFO - Addition taking place
